Component: Arm Compiler for Embedded 6.18 Tool: armlink [5e4cc100]

==============================================================================

Section Cross References

    startup.o(STACK) refers (Special) to heapauxi.o(.text) for __use_two_region_memory
    startup.o(HEAP) refers (Special) to heapauxi.o(.text) for __use_two_region_memory
    startup.o(RESET) refers (Special) to heapauxi.o(.text) for __use_two_region_memory
    startup.o(RESET) refers to startup.o(STACK) for StackMem
    startup.o(RESET) refers to spaceinvadersv4.o(.text.SysTick_Handler) for SysTick_Handler
    startup.o(RESET) refers to spaceinvadersv4.o(.text.GPIOPortF_Handler) for GPIOPortF_Handler
    startup.o(RESET) refers to __main.o(!!!main) for __main
    startup.o(.text) refers (Special) to heapauxi.o(.text) for __use_two_region_memory
    startup.o(.text) refers to startup.o(HEAP) for HeapMem
    startup.o(.text) refers to startup.o(STACK) for StackMem
    nokia5110.o(.ARM.exidx.text.Nokia5110_Init) refers to nokia5110.o(.text.Nokia5110_Init) for [Anonymous Symbol]
    nokia5110.o(.text.Nokia5110_OutChar) refers to nokia5110.o(.rodata.ASCII) for ASCII
    nokia5110.o(.ARM.exidx.text.Nokia5110_OutChar) refers to nokia5110.o(.text.Nokia5110_OutChar) for [Anonymous Symbol]
    nokia5110.o(.text.Nokia5110_OutString) refers to nokia5110.o(.rodata.ASCII) for ASCII
    nokia5110.o(.ARM.exidx.text.Nokia5110_OutString) refers to nokia5110.o(.text.Nokia5110_OutString) for [Anonymous Symbol]
    nokia5110.o(.text.Nokia5110_OutUDec) refers to nokia5110.o(.rodata.ASCII) for ASCII
    nokia5110.o(.text.Nokia5110_OutUDec) refers to nokia5110.o(.rodata.str1.1) for .L.str
    nokia5110.o(.ARM.exidx.text.Nokia5110_OutUDec) refers to nokia5110.o(.text.Nokia5110_OutUDec) for [Anonymous Symbol]
    nokia5110.o(.ARM.exidx.text.Nokia5110_SetCursor) refers to nokia5110.o(.text.Nokia5110_SetCursor) for [Anonymous Symbol]
    nokia5110.o(.ARM.exidx.text.Nokia5110_Clear) refers to nokia5110.o(.text.Nokia5110_Clear) for [Anonymous Symbol]
    nokia5110.o(.ARM.exidx.text.Nokia5110_DrawFullImage) refers to nokia5110.o(.text.Nokia5110_DrawFullImage) for [Anonymous Symbol]
    nokia5110.o(.text.Nokia5110_PrintBMP) refers to nokia5110.o(.bss.Screen) for Screen
    nokia5110.o(.ARM.exidx.text.Nokia5110_PrintBMP) refers to nokia5110.o(.text.Nokia5110_PrintBMP) for [Anonymous Symbol]
    nokia5110.o(.text.Nokia5110_ClearBuffer) refers to nokia5110.o(.bss.Screen) for Screen
    nokia5110.o(.text.Nokia5110_ClearBuffer) refers to rt_memclr_w.o(.text) for __aeabi_memclr4
    nokia5110.o(.ARM.exidx.text.Nokia5110_ClearBuffer) refers to nokia5110.o(.text.Nokia5110_ClearBuffer) for [Anonymous Symbol]
    nokia5110.o(.text.Nokia5110_SetPixel) refers to nokia5110.o(.bss.Screen) for Screen
    nokia5110.o(.ARM.exidx.text.Nokia5110_SetPixel) refers to nokia5110.o(.text.Nokia5110_SetPixel) for [Anonymous Symbol]
    nokia5110.o(.text.Nokia5110_ClearPixel) refers to nokia5110.o(.bss.Screen) for Screen
    nokia5110.o(.ARM.exidx.text.Nokia5110_ClearPixel) refers to nokia5110.o(.text.Nokia5110_ClearPixel) for [Anonymous Symbol]
    nokia5110.o(.text.Nokia5110_DisplayBuffer) refers to nokia5110.o(.bss.Screen) for Screen
    nokia5110.o(.ARM.exidx.text.Nokia5110_DisplayBuffer) refers to nokia5110.o(.text.Nokia5110_DisplayBuffer) for [Anonymous Symbol]
    pll.o(.ARM.exidx.text.PLL_Init) refers to pll.o(.text.PLL_Init) for [Anonymous Symbol]
    spaceinvadersv4.o(.text.main) refers to spaceinvadersv4.o(.text.ADC_Init) for ADC_Init
    spaceinvadersv4.o(.text.main) refers to pll.o(.text.PLL_Init) for PLL_Init
    spaceinvadersv4.o(.text.main) refers to nokia5110.o(.text.Nokia5110_Init) for Nokia5110_Init
    spaceinvadersv4.o(.text.main) refers to nokia5110.o(.text.Nokia5110_ClearBuffer) for Nokia5110_ClearBuffer
    spaceinvadersv4.o(.text.main) refers to nokia5110.o(.text.Nokia5110_DisplayBuffer) for Nokia5110_DisplayBuffer
    spaceinvadersv4.o(.text.main) refers to spaceinvadersv4.o(.text.PortF_Init) for PortF_Init
    spaceinvadersv4.o(.text.main) refers to spaceinvadersv4.o(.text.SysTick_Init) for SysTick_Init
    spaceinvadersv4.o(.text.main) refers to spaceinvadersv4.o(.text.Title) for Title
    spaceinvadersv4.o(.text.main) refers to spaceinvadersv4.o(.bss.restart) for restart
    spaceinvadersv4.o(.text.main) refers to spaceinvadersv4.o(.bss.fire) for fire
    spaceinvadersv4.o(.text.main) refers to spaceinvadersv4.o(.text.ReadADCMedianFilter) for ReadADCMedianFilter
    spaceinvadersv4.o(.text.main) refers to spaceinvadersv4.o(.bss.ADCvalue) for ADCvalue
    spaceinvadersv4.o(.ARM.exidx.text.main) refers to spaceinvadersv4.o(.text.main) for [Anonymous Symbol]
    spaceinvadersv4.o(.ARM.exidx.text.ADC_Init) refers to spaceinvadersv4.o(.text.ADC_Init) for [Anonymous Symbol]
    spaceinvadersv4.o(.text.PortF_Init) refers to spaceinvadersv4.o(.bss.delay) for delay
    spaceinvadersv4.o(.ARM.exidx.text.PortF_Init) refers to spaceinvadersv4.o(.text.PortF_Init) for [Anonymous Symbol]
    spaceinvadersv4.o(.ARM.exidx.text.SysTick_Init) refers to spaceinvadersv4.o(.text.SysTick_Init) for [Anonymous Symbol]
    spaceinvadersv4.o(.text.Title) refers to nokia5110.o(.text.Nokia5110_Clear) for Nokia5110_Clear
    spaceinvadersv4.o(.text.Title) refers to spaceinvadersv4.o(.bss.score) for score
    spaceinvadersv4.o(.text.Title) refers to nokia5110.o(.text.Nokia5110_SetCursor) for Nokia5110_SetCursor
    spaceinvadersv4.o(.text.Title) refers to spaceinvadersv4.o(.rodata.str1.1) for .L.str
    spaceinvadersv4.o(.text.Title) refers to nokia5110.o(.text.Nokia5110_OutString) for Nokia5110_OutString
    spaceinvadersv4.o(.text.Title) refers to spaceinvadersv4.o(.bss.start) for start
    spaceinvadersv4.o(.ARM.exidx.text.Title) refers to spaceinvadersv4.o(.text.Title) for [Anonymous Symbol]
    spaceinvadersv4.o(.text.ReadADCMedianFilter) refers to spaceinvadersv4.o(.text.ADC0_InSeq3) for ADC0_InSeq3
    spaceinvadersv4.o(.text.ReadADCMedianFilter) refers to spaceinvadersv4.o(.bss.ReadADCMedianFilter.middle) for ReadADCMedianFilter.middle
    spaceinvadersv4.o(.text.ReadADCMedianFilter) refers to spaceinvadersv4.o(.bss.ReadADCMedianFilter.oldest) for ReadADCMedianFilter.oldest
    spaceinvadersv4.o(.text.ReadADCMedianFilter) refers to spaceinvadersv4.o(.text.median) for median
    spaceinvadersv4.o(.ARM.exidx.text.ReadADCMedianFilter) refers to spaceinvadersv4.o(.text.ReadADCMedianFilter) for [Anonymous Symbol]
    spaceinvadersv4.o(.text.Init) refers to spaceinvadersv4.o(.bss.Enemy) for Enemy
    spaceinvadersv4.o(.text.Init) refers to spaceinvadersv4.o(.rodata.SmallEnemy20PointA) for SmallEnemy20PointA
    spaceinvadersv4.o(.text.Init) refers to spaceinvadersv4.o(.rodata.SmallEnemy30PointA) for SmallEnemy30PointA
    spaceinvadersv4.o(.text.Init) refers to spaceinvadersv4.o(.rodata.SmallEnemy10PointA) for SmallEnemy10PointA
    spaceinvadersv4.o(.text.Init) refers to spaceinvadersv4.o(.bss.ADCvalue) for ADCvalue
    spaceinvadersv4.o(.text.Init) refers to spaceinvadersv4.o(.bss.Player) for Player
    spaceinvadersv4.o(.text.Init) refers to spaceinvadersv4.o(.rodata.PlayerShip0) for PlayerShip0
    spaceinvadersv4.o(.text.Init) refers to spaceinvadersv4.o(.bss.Laser) for Laser
    spaceinvadersv4.o(.text.Init) refers to spaceinvadersv4.o(.rodata.Laser0) for Laser0
    spaceinvadersv4.o(.ARM.exidx.text.Init) refers to spaceinvadersv4.o(.text.Init) for [Anonymous Symbol]
    spaceinvadersv4.o(.text.GPIOPortF_Handler) refers to spaceinvadersv4.o(.bss.start) for start
    spaceinvadersv4.o(.text.GPIOPortF_Handler) refers to spaceinvadersv4.o(.bss.restart) for restart
    spaceinvadersv4.o(.text.GPIOPortF_Handler) refers to spaceinvadersv4.o(.text.Init) for Init
    spaceinvadersv4.o(.text.GPIOPortF_Handler) refers to spaceinvadersv4.o(.bss.Laser) for Laser
    spaceinvadersv4.o(.text.GPIOPortF_Handler) refers to spaceinvadersv4.o(.bss.Player) for Player
    spaceinvadersv4.o(.text.GPIOPortF_Handler) refers to spaceinvadersv4.o(.bss.fire) for fire
    spaceinvadersv4.o(.ARM.exidx.text.GPIOPortF_Handler) refers to spaceinvadersv4.o(.text.GPIOPortF_Handler) for [Anonymous Symbol]
    spaceinvadersv4.o(.text.SysTick_Handler) refers to spaceinvadersv4.o(.bss.start) for start
    spaceinvadersv4.o(.text.SysTick_Handler) refers to spaceinvadersv4.o(.text.Draw) for Draw
    spaceinvadersv4.o(.text.SysTick_Handler) refers to spaceinvadersv4.o(.text.Move) for Move
    spaceinvadersv4.o(.text.SysTick_Handler) refers to spaceinvadersv4.o(.bss.Enemy) for Enemy
    spaceinvadersv4.o(.text.SysTick_Handler) refers to spaceinvadersv4.o(.text.End) for End
    spaceinvadersv4.o(.text.SysTick_Handler) refers to spaceinvadersv4.o(.text.Title) for Title
    spaceinvadersv4.o(.text.SysTick_Handler) refers to spaceinvadersv4.o(.bss.restart) for restart
    spaceinvadersv4.o(.ARM.exidx.text.SysTick_Handler) refers to spaceinvadersv4.o(.text.SysTick_Handler) for [Anonymous Symbol]
    spaceinvadersv4.o(.text.Draw) refers to nokia5110.o(.text.Nokia5110_ClearBuffer) for Nokia5110_ClearBuffer
    spaceinvadersv4.o(.text.Draw) refers to spaceinvadersv4.o(.bss.Enemy) for Enemy
    spaceinvadersv4.o(.text.Draw) refers to spaceinvadersv4.o(.rodata.SmallEnemy30PointA) for SmallEnemy30PointA
    spaceinvadersv4.o(.text.Draw) refers to spaceinvadersv4.o(.rodata.SmallEnemy30PointB) for SmallEnemy30PointB
    spaceinvadersv4.o(.text.Draw) refers to spaceinvadersv4.o(.rodata.SmallEnemy20PointA) for SmallEnemy20PointA
    spaceinvadersv4.o(.text.Draw) refers to spaceinvadersv4.o(.rodata.SmallEnemy20PointB) for SmallEnemy20PointB
    spaceinvadersv4.o(.text.Draw) refers to spaceinvadersv4.o(.rodata.SmallEnemy10PointA) for SmallEnemy10PointA
    spaceinvadersv4.o(.text.Draw) refers to spaceinvadersv4.o(.rodata.SmallEnemy10PointB) for SmallEnemy10PointB
    spaceinvadersv4.o(.text.Draw) refers to nokia5110.o(.text.Nokia5110_PrintBMP) for Nokia5110_PrintBMP
    spaceinvadersv4.o(.text.Draw) refers to spaceinvadersv4.o(.rodata.SmallExplosion0) for SmallExplosion0
    spaceinvadersv4.o(.text.Draw) refers to spaceinvadersv4.o(.bss.score) for score
    spaceinvadersv4.o(.text.Draw) refers to spaceinvadersv4.o(.bss.Player) for Player
    spaceinvadersv4.o(.text.Draw) refers to spaceinvadersv4.o(.bss.ADCvalue) for ADCvalue
    spaceinvadersv4.o(.text.Draw) refers to spaceinvadersv4.o(.bss.Laser) for Laser
    spaceinvadersv4.o(.text.Draw) refers to nokia5110.o(.text.Nokia5110_DisplayBuffer) for Nokia5110_DisplayBuffer
    spaceinvadersv4.o(.ARM.exidx.text.Draw) refers to spaceinvadersv4.o(.text.Draw) for [Anonymous Symbol]
    spaceinvadersv4.o(.text.Move) refers to spaceinvadersv4.o(.bss.Enemy) for Enemy
    spaceinvadersv4.o(.text.Move) refers to spaceinvadersv4.o(.bss.Laser) for Laser
    spaceinvadersv4.o(.text.Move) refers to spaceinvadersv4.o(.bss.fire) for fire
    spaceinvadersv4.o(.text.Move) refers to spaceinvadersv4.o(.rodata.SmallExplosion0) for SmallExplosion0
    spaceinvadersv4.o(.ARM.exidx.text.Move) refers to spaceinvadersv4.o(.text.Move) for [Anonymous Symbol]
    spaceinvadersv4.o(.text.End) refers to spaceinvadersv4.o(.bss.start) for start
    spaceinvadersv4.o(.text.End) refers to spaceinvadersv4.o(.bss.fire) for fire
    spaceinvadersv4.o(.text.End) refers to nokia5110.o(.text.Nokia5110_Clear) for Nokia5110_Clear
    spaceinvadersv4.o(.text.End) refers to nokia5110.o(.text.Nokia5110_ClearBuffer) for Nokia5110_ClearBuffer
    spaceinvadersv4.o(.text.End) refers to spaceinvadersv4.o(.rodata.str1.1) for .L.str.3
    spaceinvadersv4.o(.text.End) refers to nokia5110.o(.text.Nokia5110_OutString) for Nokia5110_OutString
    spaceinvadersv4.o(.text.End) refers to nokia5110.o(.text.Nokia5110_SetCursor) for Nokia5110_SetCursor
    spaceinvadersv4.o(.text.End) refers to spaceinvadersv4.o(.bss.score) for score
    spaceinvadersv4.o(.text.End) refers to nokia5110.o(.text.Nokia5110_OutUDec) for Nokia5110_OutUDec
    spaceinvadersv4.o(.text.End) refers to spaceinvadersv4.o(.text.Delay3s) for Delay3s
    spaceinvadersv4.o(.ARM.exidx.text.End) refers to spaceinvadersv4.o(.text.End) for [Anonymous Symbol]
    spaceinvadersv4.o(.ARM.exidx.text.Delay3s) refers to spaceinvadersv4.o(.text.Delay3s) for [Anonymous Symbol]
    spaceinvadersv4.o(.ARM.exidx.text.ADC0_InSeq3) refers to spaceinvadersv4.o(.text.ADC0_InSeq3) for [Anonymous Symbol]
    spaceinvadersv4.o(.ARM.exidx.text.median) refers to spaceinvadersv4.o(.text.median) for [Anonymous Symbol]
    __main.o(!!!main) refers to __rtentry.o(.ARM.Collect$$rtentry$$00000000) for __rt_entry
    __rtentry.o(.ARM.Collect$$rtentry$$00000000) refers (Special) to __rtentry2.o(.ARM.Collect$$rtentry$$0000000A) for __rt_entry_li
    __rtentry.o(.ARM.Collect$$rtentry$$00000000) refers (Special) to __rtentry2.o(.ARM.Collect$$rtentry$$0000000D) for __rt_entry_main
    __rtentry.o(.ARM.Collect$$rtentry$$00000000) refers (Special) to __rtentry2.o(.ARM.Collect$$rtentry$$0000000C) for __rt_entry_postli_1
    __rtentry.o(.ARM.Collect$$rtentry$$00000000) refers (Special) to __rtentry2.o(.ARM.Collect$$rtentry$$00000009) for __rt_entry_postsh_1
    __rtentry.o(.ARM.Collect$$rtentry$$00000000) refers (Special) to __rtentry2.o(.ARM.Collect$$rtentry$$00000002) for __rt_entry_presh_1
    __rtentry.o(.ARM.Collect$$rtentry$$00000000) refers (Special) to __rtentry4.o(.ARM.Collect$$rtentry$$00000004) for __rt_entry_sh
    __rtentry2.o(.ARM.Collect$$rtentry$$00000008) refers to boardinit2.o(.text) for _platform_post_stackheap_init
    __rtentry2.o(.ARM.Collect$$rtentry$$0000000A) refers to libinit.o(.ARM.Collect$$libinit$$00000000) for __rt_lib_init
    __rtentry2.o(.ARM.Collect$$rtentry$$0000000B) refers to boardinit3.o(.text) for _platform_post_lib_init
    __rtentry2.o(.ARM.Collect$$rtentry$$0000000D) refers to spaceinvadersv4.o(.text.main) for main
    __rtentry2.o(.ARM.Collect$$rtentry$$0000000D) refers to exit.o(.text) for exit
    __rtentry2.o(.ARM.exidx) refers to __rtentry2.o(.ARM.Collect$$rtentry$$00000001) for .ARM.Collect$$rtentry$$00000001
    __rtentry2.o(.ARM.exidx) refers to __rtentry2.o(.ARM.Collect$$rtentry$$00000008) for .ARM.Collect$$rtentry$$00000008
    __rtentry2.o(.ARM.exidx) refers to __rtentry2.o(.ARM.Collect$$rtentry$$0000000A) for .ARM.Collect$$rtentry$$0000000A
    __rtentry2.o(.ARM.exidx) refers to __rtentry2.o(.ARM.Collect$$rtentry$$0000000B) for .ARM.Collect$$rtentry$$0000000B
    __rtentry2.o(.ARM.exidx) refers to __rtentry2.o(.ARM.Collect$$rtentry$$0000000D) for .ARM.Collect$$rtentry$$0000000D
    __rtentry4.o(.ARM.Collect$$rtentry$$00000004) refers to sys_stackheap_outer.o(.text) for __user_setup_stackheap
    __rtentry4.o(.ARM.exidx) refers to __rtentry4.o(.ARM.Collect$$rtentry$$00000004) for .ARM.Collect$$rtentry$$00000004
    sys_stackheap_outer.o(.text) refers to libspace.o(.text) for __user_perproc_libspace
    sys_stackheap_outer.o(.text) refers to startup.o(.text) for __user_initial_stackheap
    exit.o(.text) refers to rtexit.o(.ARM.Collect$$rtexit$$00000000) for __rt_exit
    libinit.o(.ARM.Collect$$libinit$$00000000) refers (Special) to libinit2.o(.ARM.Collect$$libinit$$00000030) for __rt_lib_init_alloca_1
    libinit.o(.ARM.Collect$$libinit$$00000000) refers (Special) to libinit2.o(.ARM.Collect$$libinit$$0000002E) for __rt_lib_init_argv_1
    libinit.o(.ARM.Collect$$libinit$$00000000) refers (Special) to libinit2.o(.ARM.Collect$$libinit$$0000001D) for __rt_lib_init_atexit_1
    libinit.o(.ARM.Collect$$libinit$$00000000) refers (Special) to libinit2.o(.ARM.Collect$$libinit$$00000023) for __rt_lib_init_clock_1
    libinit.o(.ARM.Collect$$libinit$$00000000) refers (Special) to libinit2.o(.ARM.Collect$$libinit$$00000034) for __rt_lib_init_cpp_1
    libinit.o(.ARM.Collect$$libinit$$00000000) refers (Special) to libinit2.o(.ARM.Collect$$libinit$$00000032) for __rt_lib_init_exceptions_1
    libinit.o(.ARM.Collect$$libinit$$00000000) refers (Special) to libinit2.o(.ARM.Collect$$libinit$$00000002) for __rt_lib_init_fp_1
    libinit.o(.ARM.Collect$$libinit$$00000000) refers (Special) to libinit2.o(.ARM.Collect$$libinit$$00000021) for __rt_lib_init_fp_trap_1
    libinit.o(.ARM.Collect$$libinit$$00000000) refers (Special) to libinit2.o(.ARM.Collect$$libinit$$00000025) for __rt_lib_init_getenv_1
    libinit.o(.ARM.Collect$$libinit$$00000000) refers (Special) to libinit2.o(.ARM.Collect$$libinit$$0000000C) for __rt_lib_init_heap_1
    libinit.o(.ARM.Collect$$libinit$$00000000) refers (Special) to libinit2.o(.ARM.Collect$$libinit$$00000013) for __rt_lib_init_lc_collate_1
    libinit.o(.ARM.Collect$$libinit$$00000000) refers (Special) to libinit2.o(.ARM.Collect$$libinit$$00000015) for __rt_lib_init_lc_ctype_1
    libinit.o(.ARM.Collect$$libinit$$00000000) refers (Special) to libinit2.o(.ARM.Collect$$libinit$$00000017) for __rt_lib_init_lc_monetary_1
    libinit.o(.ARM.Collect$$libinit$$00000000) refers (Special) to libinit2.o(.ARM.Collect$$libinit$$00000019) for __rt_lib_init_lc_numeric_1
    libinit.o(.ARM.Collect$$libinit$$00000000) refers (Special) to libinit2.o(.ARM.Collect$$libinit$$0000001B) for __rt_lib_init_lc_time_1
    libinit.o(.ARM.Collect$$libinit$$00000000) refers (Special) to libinit2.o(.ARM.Collect$$libinit$$00000006) for __rt_lib_init_preinit_1
    libinit.o(.ARM.Collect$$libinit$$00000000) refers (Special) to libinit2.o(.ARM.Collect$$libinit$$00000010) for __rt_lib_init_rand_1
    libinit.o(.ARM.Collect$$libinit$$00000000) refers (Special) to libinit2.o(.ARM.Collect$$libinit$$00000004) for __rt_lib_init_relocate_pie_1
    libinit.o(.ARM.Collect$$libinit$$00000000) refers (Special) to libinit2.o(.ARM.Collect$$libinit$$00000035) for __rt_lib_init_return
    libinit.o(.ARM.Collect$$libinit$$00000000) refers (Special) to libinit2.o(.ARM.Collect$$libinit$$0000001F) for __rt_lib_init_signal_1
    libinit.o(.ARM.Collect$$libinit$$00000000) refers (Special) to libinit2.o(.ARM.Collect$$libinit$$00000027) for __rt_lib_init_stdio_1
    libinit.o(.ARM.Collect$$libinit$$00000000) refers (Special) to libinit2.o(.ARM.Collect$$libinit$$0000000E) for __rt_lib_init_user_alloc_1
    libspace.o(.text) refers to libspace.o(.bss) for __libspace_start
    rtexit.o(.ARM.Collect$$rtexit$$00000000) refers (Special) to rtexit2.o(.ARM.Collect$$rtexit$$00000004) for __rt_exit_exit
    rtexit.o(.ARM.Collect$$rtexit$$00000000) refers (Special) to rtexit2.o(.ARM.Collect$$rtexit$$00000003) for __rt_exit_ls
    rtexit.o(.ARM.Collect$$rtexit$$00000000) refers (Special) to rtexit2.o(.ARM.Collect$$rtexit$$00000002) for __rt_exit_prels_1
    rtexit.o(.ARM.exidx) refers (Special) to rtexit2.o(.ARM.Collect$$rtexit$$00000004) for __rt_exit_exit
    rtexit.o(.ARM.exidx) refers (Special) to rtexit2.o(.ARM.Collect$$rtexit$$00000003) for __rt_exit_ls
    rtexit.o(.ARM.exidx) refers (Special) to rtexit2.o(.ARM.Collect$$rtexit$$00000002) for __rt_exit_prels_1
    rtexit.o(.ARM.exidx) refers to rtexit.o(.ARM.Collect$$rtexit$$00000000) for .ARM.Collect$$rtexit$$00000000
    libinit2.o(.ARM.Collect$$libinit$$00000012) refers to libinit2.o(.ARM.Collect$$libinit$$00000011) for .ARM.Collect$$libinit$$00000011
    libinit2.o(.ARM.Collect$$libinit$$00000014) refers to libinit2.o(.ARM.Collect$$libinit$$00000011) for .ARM.Collect$$libinit$$00000011
    libinit2.o(.ARM.Collect$$libinit$$00000016) refers to libinit2.o(.ARM.Collect$$libinit$$00000011) for .ARM.Collect$$libinit$$00000011
    libinit2.o(.ARM.Collect$$libinit$$00000018) refers to libinit2.o(.ARM.Collect$$libinit$$00000011) for .ARM.Collect$$libinit$$00000011
    libinit2.o(.ARM.Collect$$libinit$$0000001A) refers to libinit2.o(.ARM.Collect$$libinit$$00000011) for .ARM.Collect$$libinit$$00000011
    libinit2.o(.ARM.Collect$$libinit$$00000028) refers to argv_veneer.o(.emb_text) for __ARM_argv_veneer
    libinit2.o(.ARM.Collect$$libinit$$00000029) refers to argv_veneer.o(.emb_text) for __ARM_argv_veneer
    rtexit2.o(.ARM.Collect$$rtexit$$00000003) refers to libshutdown.o(.ARM.Collect$$libshutdown$$00000000) for __rt_lib_shutdown
    rtexit2.o(.ARM.Collect$$rtexit$$00000004) refers to sys_exit.o(.text) for _sys_exit
    rtexit2.o(.ARM.exidx) refers to rtexit2.o(.ARM.Collect$$rtexit$$00000001) for .ARM.Collect$$rtexit$$00000001
    rtexit2.o(.ARM.exidx) refers to rtexit2.o(.ARM.Collect$$rtexit$$00000003) for .ARM.Collect$$rtexit$$00000003
    rtexit2.o(.ARM.exidx) refers to rtexit2.o(.ARM.Collect$$rtexit$$00000004) for .ARM.Collect$$rtexit$$00000004
    argv_veneer.o(.emb_text) refers to no_argv.o(.text) for __ARM_get_argv
    sys_exit.o(.text) refers (Special) to use_no_semi.o(.text) for __I$use$semihosting
    sys_exit.o(.text) refers (Special) to indicate_semi.o(.text) for __semihosting_library_function
    sys_exit_hlt.o(.text) refers (Special) to use_no_semi.o(.text) for __I$use$semihosting
    sys_exit_hlt.o(.text) refers (Special) to indicate_semi.o(.text) for __semihosting_library_function
    _get_argv_nomalloc.o(.text) refers (Special) to hrguard.o(.text) for __heap_region$guard
    _get_argv_nomalloc.o(.text) refers to defsig_rtmem_outer.o(.text) for __rt_SIGRTMEM
    _get_argv_nomalloc.o(.text) refers to sys_command.o(.text) for _sys_command_string
    libshutdown.o(.ARM.Collect$$libshutdown$$00000000) refers (Special) to libshutdown2.o(.ARM.Collect$$libshutdown$$00000002) for __rt_lib_shutdown_cpp_1
    libshutdown.o(.ARM.Collect$$libshutdown$$00000000) refers (Special) to libshutdown2.o(.ARM.Collect$$libshutdown$$00000007) for __rt_lib_shutdown_fp_trap_1
    libshutdown.o(.ARM.Collect$$libshutdown$$00000000) refers (Special) to libshutdown2.o(.ARM.Collect$$libshutdown$$0000000F) for __rt_lib_shutdown_heap_1
    libshutdown.o(.ARM.Collect$$libshutdown$$00000000) refers (Special) to libshutdown2.o(.ARM.Collect$$libshutdown$$00000010) for __rt_lib_shutdown_return
    libshutdown.o(.ARM.Collect$$libshutdown$$00000000) refers (Special) to libshutdown2.o(.ARM.Collect$$libshutdown$$0000000A) for __rt_lib_shutdown_signal_1
    libshutdown.o(.ARM.Collect$$libshutdown$$00000000) refers (Special) to libshutdown2.o(.ARM.Collect$$libshutdown$$00000004) for __rt_lib_shutdown_stdio_1
    libshutdown.o(.ARM.Collect$$libshutdown$$00000000) refers (Special) to libshutdown2.o(.ARM.Collect$$libshutdown$$0000000C) for __rt_lib_shutdown_user_alloc_1
    sys_command.o(.text) refers (Special) to use_no_semi.o(.text) for __I$use$semihosting
    sys_command.o(.text) refers (Special) to indicate_semi.o(.text) for __semihosting_library_function
    sys_command_hlt.o(.text) refers (Special) to use_no_semi.o(.text) for __I$use$semihosting
    sys_command_hlt.o(.text) refers (Special) to indicate_semi.o(.text) for __semihosting_library_function
    defsig_rtmem_outer.o(.text) refers to defsig_rtmem_inner.o(.text) for __rt_SIGRTMEM_inner
    defsig_rtmem_outer.o(.text) refers to defsig_exit.o(.text) for __sig_exit
    defsig_rtmem_formal.o(.text) refers to rt_raise.o(.text) for __rt_raise
    rt_raise.o(.text) refers to __raise.o(.text) for __raise
    rt_raise.o(.text) refers to sys_exit.o(.text) for _sys_exit
    defsig_exit.o(.text) refers to sys_exit.o(.text) for _sys_exit
    defsig_rtmem_inner.o(.text) refers to defsig_general.o(.text) for __default_signal_display
    __raise.o(.text) refers to defsig.o(CL$$defsig) for __default_signal_handler
    defsig_general.o(.text) refers to sys_wrch.o(.text) for _ttywrch
    sys_wrch.o(.text) refers (Special) to use_no_semi.o(.text) for __I$use$semihosting
    sys_wrch.o(.text) refers (Special) to indicate_semi.o(.text) for __semihosting_library_function
    sys_wrch_hlt.o(.text) refers (Special) to use_no_semi.o(.text) for __I$use$semihosting
    sys_wrch_hlt.o(.text) refers (Special) to indicate_semi.o(.text) for __semihosting_library_function
    defsig.o(CL$$defsig) refers to defsig_rtmem_inner.o(.text) for __rt_SIGRTMEM_inner
    defsig_abrt_inner.o(.text) refers to defsig_general.o(.text) for __default_signal_display
    defsig_fpe_inner.o(.text) refers to defsig_general.o(.text) for __default_signal_display
    defsig_rtred_inner.o(.text) refers to defsig_general.o(.text) for __default_signal_display
    defsig_stak_inner.o(.text) refers to defsig_general.o(.text) for __default_signal_display
    defsig_pvfn_inner.o(.text) refers to defsig_general.o(.text) for __default_signal_display
    defsig_cppl_inner.o(.text) refers to defsig_general.o(.text) for __default_signal_display
    defsig_segv_inner.o(.text) refers to defsig_general.o(.text) for __default_signal_display
    defsig_other.o(.text) refers to defsig_general.o(.text) for __default_signal_display


==============================================================================

Removing Unused input sections from the image.

    Removing nokia5110.o(.text), (0 bytes).
    Removing nokia5110.o(.ARM.exidx.text.Nokia5110_Init), (8 bytes).
    Removing nokia5110.o(.text.Nokia5110_OutChar), (98 bytes).
    Removing nokia5110.o(.ARM.exidx.text.Nokia5110_OutChar), (8 bytes).
    Removing nokia5110.o(.ARM.exidx.text.Nokia5110_OutString), (8 bytes).
    Removing nokia5110.o(.ARM.exidx.text.Nokia5110_OutUDec), (8 bytes).
    Removing nokia5110.o(.ARM.exidx.text.Nokia5110_SetCursor), (8 bytes).
    Removing nokia5110.o(.ARM.exidx.text.Nokia5110_Clear), (8 bytes).
    Removing nokia5110.o(.text.Nokia5110_DrawFullImage), (110 bytes).
    Removing nokia5110.o(.ARM.exidx.text.Nokia5110_DrawFullImage), (8 bytes).
    Removing nokia5110.o(.ARM.exidx.text.Nokia5110_PrintBMP), (8 bytes).
    Removing nokia5110.o(.ARM.exidx.text.Nokia5110_ClearBuffer), (8 bytes).
    Removing nokia5110.o(.text.Nokia5110_SetPixel), (46 bytes).
    Removing nokia5110.o(.ARM.exidx.text.Nokia5110_SetPixel), (8 bytes).
    Removing nokia5110.o(.text.Nokia5110_ClearPixel), (48 bytes).
    Removing nokia5110.o(.ARM.exidx.text.Nokia5110_ClearPixel), (8 bytes).
    Removing nokia5110.o(.ARM.exidx.text.Nokia5110_DisplayBuffer), (8 bytes).
    Removing pll.o(.text), (0 bytes).
    Removing pll.o(.ARM.exidx.text.PLL_Init), (8 bytes).
    Removing spaceinvadersv4.o(.text), (0 bytes).
    Removing spaceinvadersv4.o(.ARM.exidx.text.main), (8 bytes).
    Removing spaceinvadersv4.o(.ARM.exidx.text.ADC_Init), (8 bytes).
    Removing spaceinvadersv4.o(.ARM.exidx.text.PortF_Init), (8 bytes).
    Removing spaceinvadersv4.o(.ARM.exidx.text.SysTick_Init), (8 bytes).
    Removing spaceinvadersv4.o(.ARM.exidx.text.Title), (8 bytes).
    Removing spaceinvadersv4.o(.ARM.exidx.text.ReadADCMedianFilter), (8 bytes).
    Removing spaceinvadersv4.o(.ARM.exidx.text.Init), (8 bytes).
    Removing spaceinvadersv4.o(.ARM.exidx.text.GPIOPortF_Handler), (8 bytes).
    Removing spaceinvadersv4.o(.ARM.exidx.text.SysTick_Handler), (8 bytes).
    Removing spaceinvadersv4.o(.ARM.exidx.text.Draw), (8 bytes).
    Removing spaceinvadersv4.o(.ARM.exidx.text.Move), (8 bytes).
    Removing spaceinvadersv4.o(.ARM.exidx.text.End), (8 bytes).
    Removing spaceinvadersv4.o(.ARM.exidx.text.Delay3s), (8 bytes).
    Removing spaceinvadersv4.o(.ARM.exidx.text.ADC0_InSeq3), (8 bytes).
    Removing spaceinvadersv4.o(.ARM.exidx.text.median), (8 bytes).
    Removing spaceinvadersv4.o(.rodata.SmallEnemyPointA), (600 bytes).
    Removing spaceinvadersv4.o(.rodata.SmallEnemyPointB), (600 bytes).
    Removing spaceinvadersv4.o(.ARM.use_no_argv), (4 bytes).

38 unused section(s) (total 1730 bytes) removed from the image.

==============================================================================

Image Symbol Table

    Local Symbols

    Symbol Name                              Value     Ov Type        Size  Object(Section)

    ../clib/angel/boardlib.s                 0x00000000   Number         0  boardinit1.o ABSOLUTE
    ../clib/angel/boardlib.s                 0x00000000   Number         0  boardinit2.o ABSOLUTE
    ../clib/angel/boardlib.s                 0x00000000   Number         0  boardinit3.o ABSOLUTE
    ../clib/angel/boardlib.s                 0x00000000   Number         0  boardshut.o ABSOLUTE
    ../clib/angel/handlers.s                 0x00000000   Number         0  __scatter_zi.o ABSOLUTE
    ../clib/angel/kernel.s                   0x00000000   Number         0  __rtentry.o ABSOLUTE
    ../clib/angel/kernel.s                   0x00000000   Number         0  __rtentry2.o ABSOLUTE
    ../clib/angel/kernel.s                   0x00000000   Number         0  __rtentry4.o ABSOLUTE
    ../clib/angel/kernel.s                   0x00000000   Number         0  rtexit.o ABSOLUTE
    ../clib/angel/kernel.s                   0x00000000   Number         0  rtexit2.o ABSOLUTE
    ../clib/angel/rt.s                       0x00000000   Number         0  rt_raise.o ABSOLUTE
    ../clib/angel/scatter.s                  0x00000000   Number         0  __scatter.o ABSOLUTE
    ../clib/angel/startup.s                  0x00000000   Number         0  __main.o ABSOLUTE
    ../clib/angel/sys.s                      0x00000000   Number         0  sys_stackheap_outer.o ABSOLUTE
    ../clib/angel/sys.s                      0x00000000   Number         0  libspace.o ABSOLUTE
    ../clib/angel/sys.s                      0x00000000   Number         0  use_no_semi.o ABSOLUTE
    ../clib/angel/sys.s                      0x00000000   Number         0  indicate_semi.o ABSOLUTE
    ../clib/angel/sysapp.c                   0x00000000   Number         0  sys_exit.o ABSOLUTE
    ../clib/angel/sysapp.c                   0x00000000   Number         0  sys_exit_hlt.o ABSOLUTE
    ../clib/angel/sysapp.c                   0x00000000   Number         0  sys_command.o ABSOLUTE
    ../clib/angel/sysapp.c                   0x00000000   Number         0  sys_command_hlt.o ABSOLUTE
    ../clib/angel/sysapp.c                   0x00000000   Number         0  sys_wrch.o ABSOLUTE
    ../clib/angel/sysapp.c                   0x00000000   Number         0  sys_wrch_hlt.o ABSOLUTE
    ../clib/armsys.c                         0x00000000   Number         0  argv_veneer.o ABSOLUTE
    ../clib/armsys.c                         0x00000000   Number         0  argv_veneer.o ABSOLUTE
    ../clib/armsys.c                         0x00000000   Number         0  _get_argv_nomalloc.o ABSOLUTE
    ../clib/armsys.c                         0x00000000   Number         0  no_argv.o ABSOLUTE
    ../clib/heapalloc.c                      0x00000000   Number         0  hrguard.o ABSOLUTE
    ../clib/heapaux.c                        0x00000000   Number         0  heapauxi.o ABSOLUTE
    ../clib/libinit.s                        0x00000000   Number         0  libinit.o ABSOLUTE
    ../clib/libinit.s                        0x00000000   Number         0  libinit2.o ABSOLUTE
    ../clib/libinit.s                        0x00000000   Number         0  libshutdown.o ABSOLUTE
    ../clib/libinit.s                        0x00000000   Number         0  libshutdown2.o ABSOLUTE
    ../clib/memcpset.s                       0x00000000   Number         0  rt_memclr_w.o ABSOLUTE
    ../clib/signal.c                         0x00000000   Number         0  defsig_rtmem_outer.o ABSOLUTE
    ../clib/signal.c                         0x00000000   Number         0  defsig_rtmem_formal.o ABSOLUTE
    ../clib/signal.c                         0x00000000   Number         0  defsig_exit.o ABSOLUTE
    ../clib/signal.c                         0x00000000   Number         0  defsig_rtmem_inner.o ABSOLUTE
    ../clib/signal.c                         0x00000000   Number         0  __raise.o ABSOLUTE
    ../clib/signal.c                         0x00000000   Number         0  defsig_general.o ABSOLUTE
    ../clib/signal.c                         0x00000000   Number         0  defsig_abrt_inner.o ABSOLUTE
    ../clib/signal.c                         0x00000000   Number         0  defsig_fpe_inner.o ABSOLUTE
    ../clib/signal.c                         0x00000000   Number         0  defsig_rtred_inner.o ABSOLUTE
    ../clib/signal.c                         0x00000000   Number         0  defsig_stak_inner.o ABSOLUTE
    ../clib/signal.c                         0x00000000   Number         0  defsig_pvfn_inner.o ABSOLUTE
    ../clib/signal.c                         0x00000000   Number         0  defsig_cppl_inner.o ABSOLUTE
    ../clib/signal.c                         0x00000000   Number         0  defsig_segv_inner.o ABSOLUTE
    ../clib/signal.c                         0x00000000   Number         0  defsig_other.o ABSOLUTE
    ../clib/signal.s                         0x00000000   Number         0  defsig.o ABSOLUTE
    ../clib/stdlib.c                         0x00000000   Number         0  exit.o ABSOLUTE
    ../fplib/fpinit.s                        0x00000000   Number         0  fpinit.o ABSOLUTE
    ../fplib/fpinit_empty.s                  0x00000000   Number         0  fpinit_empty.o ABSOLUTE
    Nokia5110.c                              0x00000000   Number         0  nokia5110.o ABSOLUTE
    PLL.c                                    0x00000000   Number         0  pll.o ABSOLUTE
    SpaceInvadersV4.c                        0x00000000   Number         0  spaceinvadersv4.o ABSOLUTE
    dc.s                                     0x00000000   Number         0  dc.o ABSOLUTE
    startup.s                                0x00000000   Number         0  startup.o ABSOLUTE
    RESET                                    0x00000000   Section      644  startup.o(RESET)
    !!!main                                  0x00000284   Section        8  __main.o(!!!main)
    !!!scatter                               0x0000028c   Section       52  __scatter.o(!!!scatter)
    !!handler_zi                             0x000002c0   Section       28  __scatter_zi.o(!!handler_zi)
    .ARM.Collect$$libinit$$00000000          0x000002dc   Section        2  libinit.o(.ARM.Collect$$libinit$$00000000)
    .ARM.Collect$$libinit$$00000002          0x000002de   Section        0  libinit2.o(.ARM.Collect$$libinit$$00000002)
    .ARM.Collect$$libinit$$00000004          0x000002de   Section        0  libinit2.o(.ARM.Collect$$libinit$$00000004)
    .ARM.Collect$$libinit$$00000006          0x000002de   Section        0  libinit2.o(.ARM.Collect$$libinit$$00000006)
    .ARM.Collect$$libinit$$0000000C          0x000002de   Section        0  libinit2.o(.ARM.Collect$$libinit$$0000000C)
    .ARM.Collect$$libinit$$0000000E          0x000002de   Section        0  libinit2.o(.ARM.Collect$$libinit$$0000000E)
    .ARM.Collect$$libinit$$00000010          0x000002de   Section        0  libinit2.o(.ARM.Collect$$libinit$$00000010)
    .ARM.Collect$$libinit$$00000013          0x000002de   Section        0  libinit2.o(.ARM.Collect$$libinit$$00000013)
    .ARM.Collect$$libinit$$00000015          0x000002de   Section        0  libinit2.o(.ARM.Collect$$libinit$$00000015)
    .ARM.Collect$$libinit$$00000017          0x000002de   Section        0  libinit2.o(.ARM.Collect$$libinit$$00000017)
    .ARM.Collect$$libinit$$00000019          0x000002de   Section        0  libinit2.o(.ARM.Collect$$libinit$$00000019)
    .ARM.Collect$$libinit$$0000001B          0x000002de   Section        0  libinit2.o(.ARM.Collect$$libinit$$0000001B)
    .ARM.Collect$$libinit$$0000001D          0x000002de   Section        0  libinit2.o(.ARM.Collect$$libinit$$0000001D)
    .ARM.Collect$$libinit$$0000001F          0x000002de   Section        0  libinit2.o(.ARM.Collect$$libinit$$0000001F)
    .ARM.Collect$$libinit$$00000021          0x000002de   Section        0  libinit2.o(.ARM.Collect$$libinit$$00000021)
    .ARM.Collect$$libinit$$00000023          0x000002de   Section        0  libinit2.o(.ARM.Collect$$libinit$$00000023)
    .ARM.Collect$$libinit$$00000025          0x000002de   Section        0  libinit2.o(.ARM.Collect$$libinit$$00000025)
    .ARM.Collect$$libinit$$00000027          0x000002de   Section        0  libinit2.o(.ARM.Collect$$libinit$$00000027)
    .ARM.Collect$$libinit$$0000002E          0x000002de   Section        0  libinit2.o(.ARM.Collect$$libinit$$0000002E)
    .ARM.Collect$$libinit$$00000030          0x000002de   Section        0  libinit2.o(.ARM.Collect$$libinit$$00000030)
    .ARM.Collect$$libinit$$00000032          0x000002de   Section        0  libinit2.o(.ARM.Collect$$libinit$$00000032)
    .ARM.Collect$$libinit$$00000034          0x000002de   Section        0  libinit2.o(.ARM.Collect$$libinit$$00000034)
    .ARM.Collect$$libinit$$00000035          0x000002de   Section        2  libinit2.o(.ARM.Collect$$libinit$$00000035)
    .ARM.Collect$$libshutdown$$00000000      0x000002e0   Section        2  libshutdown.o(.ARM.Collect$$libshutdown$$00000000)
    .ARM.Collect$$libshutdown$$00000002      0x000002e2   Section        0  libshutdown2.o(.ARM.Collect$$libshutdown$$00000002)
    .ARM.Collect$$libshutdown$$00000004      0x000002e2   Section        0  libshutdown2.o(.ARM.Collect$$libshutdown$$00000004)
    .ARM.Collect$$libshutdown$$00000007      0x000002e2   Section        0  libshutdown2.o(.ARM.Collect$$libshutdown$$00000007)
    .ARM.Collect$$libshutdown$$0000000A      0x000002e2   Section        0  libshutdown2.o(.ARM.Collect$$libshutdown$$0000000A)
    .ARM.Collect$$libshutdown$$0000000C      0x000002e2   Section        0  libshutdown2.o(.ARM.Collect$$libshutdown$$0000000C)
    .ARM.Collect$$libshutdown$$0000000F      0x000002e2   Section        0  libshutdown2.o(.ARM.Collect$$libshutdown$$0000000F)
    .ARM.Collect$$libshutdown$$00000010      0x000002e2   Section        2  libshutdown2.o(.ARM.Collect$$libshutdown$$00000010)
    .ARM.Collect$$rtentry$$00000000          0x000002e4   Section        0  __rtentry.o(.ARM.Collect$$rtentry$$00000000)
    .ARM.Collect$$rtentry$$00000002          0x000002e4   Section        0  __rtentry2.o(.ARM.Collect$$rtentry$$00000002)
    .ARM.Collect$$rtentry$$00000004          0x000002e4   Section        6  __rtentry4.o(.ARM.Collect$$rtentry$$00000004)
    .ARM.Collect$$rtentry$$00000009          0x000002ea   Section        0  __rtentry2.o(.ARM.Collect$$rtentry$$00000009)
    .ARM.Collect$$rtentry$$0000000A          0x000002ea   Section        4  __rtentry2.o(.ARM.Collect$$rtentry$$0000000A)
    .ARM.Collect$$rtentry$$0000000C          0x000002ee   Section        0  __rtentry2.o(.ARM.Collect$$rtentry$$0000000C)
    .ARM.Collect$$rtentry$$0000000D          0x000002ee   Section        8  __rtentry2.o(.ARM.Collect$$rtentry$$0000000D)
    .ARM.Collect$$rtexit$$00000000           0x000002f6   Section        2  rtexit.o(.ARM.Collect$$rtexit$$00000000)
    .ARM.Collect$$rtexit$$00000002           0x000002f8   Section        0  rtexit2.o(.ARM.Collect$$rtexit$$00000002)
    .ARM.Collect$$rtexit$$00000003           0x000002f8   Section        4  rtexit2.o(.ARM.Collect$$rtexit$$00000003)
    .ARM.Collect$$rtexit$$00000004           0x000002fc   Section        6  rtexit2.o(.ARM.Collect$$rtexit$$00000004)
    .text                                    0x00000304   Section       48  startup.o(.text)
    .text                                    0x00000334   Section       78  rt_memclr_w.o(.text)
    .text                                    0x00000382   Section        0  heapauxi.o(.text)
    .text                                    0x00000388   Section       74  sys_stackheap_outer.o(.text)
    .text                                    0x000003d2   Section        0  exit.o(.text)
    .text                                    0x000003e4   Section        8  libspace.o(.text)
    .text                                    0x000003ec   Section        0  sys_exit.o(.text)
    .text                                    0x000003f8   Section        2  use_no_semi.o(.text)
    .text                                    0x000003fa   Section        0  indicate_semi.o(.text)
    [Anonymous Symbol]                       0x000003fc   Section        0  spaceinvadersv4.o(.text.ADC0_InSeq3)
    [Anonymous Symbol]                       0x00000448   Section        0  spaceinvadersv4.o(.text.ADC_Init)
    [Anonymous Symbol]                       0x00000540   Section        0  spaceinvadersv4.o(.text.Delay3s)
    [Anonymous Symbol]                       0x00000560   Section        0  spaceinvadersv4.o(.text.Draw)
    [Anonymous Symbol]                       0x00000864   Section        0  spaceinvadersv4.o(.text.End)
    [Anonymous Symbol]                       0x000008c0   Section        0  spaceinvadersv4.o(.text.GPIOPortF_Handler)
    [Anonymous Symbol]                       0x00000a20   Section        0  spaceinvadersv4.o(.text.Init)
    [Anonymous Symbol]                       0x00000bc0   Section        0  spaceinvadersv4.o(.text.Move)
    [Anonymous Symbol]                       0x00000e10   Section        0  nokia5110.o(.text.Nokia5110_Clear)
    [Anonymous Symbol]                       0x00000e7c   Section        0  nokia5110.o(.text.Nokia5110_ClearBuffer)
    [Anonymous Symbol]                       0x00000e90   Section        0  nokia5110.o(.text.Nokia5110_DisplayBuffer)
    [Anonymous Symbol]                       0x00000f08   Section        0  nokia5110.o(.text.Nokia5110_Init)
    [Anonymous Symbol]                       0x000010bc   Section        0  nokia5110.o(.text.Nokia5110_OutString)
    [Anonymous Symbol]                       0x00001124   Section        0  nokia5110.o(.text.Nokia5110_OutUDec)
    [Anonymous Symbol]                       0x000017d4   Section        0  nokia5110.o(.text.Nokia5110_PrintBMP)
    [Anonymous Symbol]                       0x000018ec   Section        0  nokia5110.o(.text.Nokia5110_SetCursor)
    [Anonymous Symbol]                       0x00001944   Section        0  pll.o(.text.PLL_Init)
    [Anonymous Symbol]                       0x000019b0   Section        0  spaceinvadersv4.o(.text.PortF_Init)
    [Anonymous Symbol]                       0x00001a88   Section        0  spaceinvadersv4.o(.text.ReadADCMedianFilter)
    [Anonymous Symbol]                       0x00001ad0   Section        0  spaceinvadersv4.o(.text.SysTick_Handler)
    [Anonymous Symbol]                       0x00001b48   Section        0  spaceinvadersv4.o(.text.SysTick_Init)
    [Anonymous Symbol]                       0x00001b8c   Section        0  spaceinvadersv4.o(.text.Title)
    [Anonymous Symbol]                       0x00001bf0   Section        0  spaceinvadersv4.o(.text.main)
    [Anonymous Symbol]                       0x00001c48   Section        0  spaceinvadersv4.o(.text.median)
    ASCII                                    0x00001ce8   Data         480  nokia5110.o(.rodata.ASCII)
    [Anonymous Symbol]                       0x00001ce8   Section        0  nokia5110.o(.rodata.ASCII)
    .L.str                                   0x000025ab   Data           5  nokia5110.o(.rodata.str1.1)
    [Anonymous Symbol]                       0x000025ab   Section        0  nokia5110.o(.rodata.str1.1)
    .L.str.1                                 0x000025ac   Data           4  nokia5110.o(.rodata.str1.1)
    .L.str.2                                 0x000025ad   Data           3  nokia5110.o(.rodata.str1.1)
    .L.str.4                                 0x000025b0   Data           8  spaceinvadersv4.o(.rodata.str1.1)
    [Anonymous Symbol]                       0x000025b0   Section        0  spaceinvadersv4.o(.rodata.str1.1)
    .L.str.1                                 0x000025b8   Data          11  spaceinvadersv4.o(.rodata.str1.1)
    .L.str.2                                 0x000025c3   Data          11  spaceinvadersv4.o(.rodata.str1.1)
    .L.str                                   0x000025ce   Data           6  spaceinvadersv4.o(.rodata.str1.1)
    .L.str.3                                 0x000025d4   Data          10  spaceinvadersv4.o(.rodata.str1.1)
    .bss                                     0x20000000   Section       96  libspace.o(.bss)
    ReadADCMedianFilter.middle               0x200000c4   Data           2  spaceinvadersv4.o(.bss.ReadADCMedianFilter.middle)
    [Anonymous Symbol]                       0x200000c4   Section        0  spaceinvadersv4.o(.bss.ReadADCMedianFilter.middle)
    ReadADCMedianFilter.oldest               0x200000c6   Data           2  spaceinvadersv4.o(.bss.ReadADCMedianFilter.oldest)
    [Anonymous Symbol]                       0x200000c6   Section        0  spaceinvadersv4.o(.bss.ReadADCMedianFilter.oldest)
    HeapMem                                  0x200002d8   Data           0  startup.o(HEAP)
    StackMem                                 0x200002d8   Data           0  startup.o(STACK)
    HEAP                                     0x200002d8   Section        0  startup.o(HEAP)
    STACK                                    0x200002d8   Section     1024  startup.o(STACK)

    Global Symbols

    Symbol Name                              Value     Ov Type        Size  Object(Section)

    BuildAttributes$$THM_ISAv4$E$P$D$K$B$S$7EM$PE$A:L22UL41UL21$X:L11$S22US41US21$IEEE1$IW$~IW$USESV6$~STKCKD$USESV7$~SHL$OTIME$ROPI$EBA8$UX$STANDARDLIB$REQ8$PRES8$EABIv2 0x00000000   Number         0  anon$$obj.o ABSOLUTE
    __Vectors                                0x00000000   Data           0  startup.o(RESET)
    __fp_init_empty                          0x00000000   Number         0  fpinit_empty.o ABSOLUTE
    __ARM_exceptions_init                     - Undefined Weak Reference
    __alloca_initialize                       - Undefined Weak Reference
    __arm_preinit_                            - Undefined Weak Reference
    __arm_relocate_pie_                       - Undefined Weak Reference
    __cpp_initialize__aeabi_                  - Undefined Weak Reference
    __cxa_finalize                            - Undefined Weak Reference
    __rt_locale                               - Undefined Weak Reference
    __sigvec_lookup                           - Undefined Weak Reference
    _atexit_init                              - Undefined Weak Reference
    _call_atexit_fns                          - Undefined Weak Reference
    _clock_init                               - Undefined Weak Reference
    _fp_trap_init                             - Undefined Weak Reference
    _fp_trap_shutdown                         - Undefined Weak Reference
    _get_lc_collate                           - Undefined Weak Reference
    _get_lc_ctype                             - Undefined Weak Reference
    _get_lc_monetary                          - Undefined Weak Reference
    _get_lc_numeric                           - Undefined Weak Reference
    _get_lc_time                              - Undefined Weak Reference
    _getenv_init                              - Undefined Weak Reference
    _handle_redirection                       - Undefined Weak Reference
    _init_alloc                               - Undefined Weak Reference
    _init_user_alloc                          - Undefined Weak Reference
    _initio                                   - Undefined Weak Reference
    _rand_init                                - Undefined Weak Reference
    _signal_finish                            - Undefined Weak Reference
    _signal_init                              - Undefined Weak Reference
    _terminate_alloc                          - Undefined Weak Reference
    _terminate_user_alloc                     - Undefined Weak Reference
    _terminateio                              - Undefined Weak Reference
    Reset_Handler                            0x0000026d   Thumb Code     0  startup.o(RESET)
    NMI_Handler                              0x00000271   Thumb Code     2  startup.o(RESET)
    HardFault_Handler                        0x00000273   Thumb Code     2  startup.o(RESET)
    MemManage_Handler                        0x00000275   Thumb Code     2  startup.o(RESET)
    BusFault_Handler                         0x00000277   Thumb Code     2  startup.o(RESET)
    UsageFault_Handler                       0x00000279   Thumb Code     2  startup.o(RESET)
    SVC_Handler                              0x0000027b   Thumb Code     2  startup.o(RESET)
    DebugMon_Handler                         0x0000027d   Thumb Code     2  startup.o(RESET)
    PendSV_Handler                           0x0000027f   Thumb Code     2  startup.o(RESET)
    ADC0Seq0_Handler                         0x00000283   Thumb Code     0  startup.o(RESET)
    ADC0Seq1_Handler                         0x00000283   Thumb Code     0  startup.o(RESET)
    ADC0Seq2_Handler                         0x00000283   Thumb Code     0  startup.o(RESET)
    ADC0Seq3_Handler                         0x00000283   Thumb Code     0  startup.o(RESET)
    ADC1Seq0_Handler                         0x00000283   Thumb Code     0  startup.o(RESET)
    ADC1Seq1_Handler                         0x00000283   Thumb Code     0  startup.o(RESET)
    ADC1Seq2_Handler                         0x00000283   Thumb Code     0  startup.o(RESET)
    ADC1Seq3_Handler                         0x00000283   Thumb Code     0  startup.o(RESET)
    CAN0_Handler                             0x00000283   Thumb Code     0  startup.o(RESET)
    CAN1_Handler                             0x00000283   Thumb Code     0  startup.o(RESET)
    CAN2_Handler                             0x00000283   Thumb Code     0  startup.o(RESET)
    Comp0_Handler                            0x00000283   Thumb Code     0  startup.o(RESET)
    Comp1_Handler                            0x00000283   Thumb Code     0  startup.o(RESET)
    Comp2_Handler                            0x00000283   Thumb Code     0  startup.o(RESET)
    Ethernet_Handler                         0x00000283   Thumb Code     0  startup.o(RESET)
    ExtBus_Handler                           0x00000283   Thumb Code     0  startup.o(RESET)
    FPU_Handler                              0x00000283   Thumb Code     0  startup.o(RESET)
    Fan0_Handler                             0x00000283   Thumb Code     0  startup.o(RESET)
    FlashCtl_Handler                         0x00000283   Thumb Code     0  startup.o(RESET)
    GPIOPortA_Handler                        0x00000283   Thumb Code     0  startup.o(RESET)
    GPIOPortB_Handler                        0x00000283   Thumb Code     0  startup.o(RESET)
    GPIOPortC_Handler                        0x00000283   Thumb Code     0  startup.o(RESET)
    GPIOPortD_Handler                        0x00000283   Thumb Code     0  startup.o(RESET)
    GPIOPortE_Handler                        0x00000283   Thumb Code     0  startup.o(RESET)
    GPIOPortG_Handler                        0x00000283   Thumb Code     0  startup.o(RESET)
    GPIOPortH_Handler                        0x00000283   Thumb Code     0  startup.o(RESET)
    GPIOPortJ_Handler                        0x00000283   Thumb Code     0  startup.o(RESET)
    GPIOPortK_Handler                        0x00000283   Thumb Code     0  startup.o(RESET)
    GPIOPortL_Handler                        0x00000283   Thumb Code     0  startup.o(RESET)
    GPIOPortM_Handler                        0x00000283   Thumb Code     0  startup.o(RESET)
    GPIOPortN_Handler                        0x00000283   Thumb Code     0  startup.o(RESET)
    GPIOPortP1_Handler                       0x00000283   Thumb Code     0  startup.o(RESET)
    GPIOPortP2_Handler                       0x00000283   Thumb Code     0  startup.o(RESET)
    GPIOPortP3_Handler                       0x00000283   Thumb Code     0  startup.o(RESET)
    GPIOPortP4_Handler                       0x00000283   Thumb Code     0  startup.o(RESET)
    GPIOPortP5_Handler                       0x00000283   Thumb Code     0  startup.o(RESET)
    GPIOPortP6_Handler                       0x00000283   Thumb Code     0  startup.o(RESET)
    GPIOPortP7_Handler                       0x00000283   Thumb Code     0  startup.o(RESET)
    GPIOPortP_Handler                        0x00000283   Thumb Code     0  startup.o(RESET)
    GPIOPortQ1_Handler                       0x00000283   Thumb Code     0  startup.o(RESET)
    GPIOPortQ2_Handler                       0x00000283   Thumb Code     0  startup.o(RESET)
    GPIOPortQ3_Handler                       0x00000283   Thumb Code     0  startup.o(RESET)
    GPIOPortQ4_Handler                       0x00000283   Thumb Code     0  startup.o(RESET)
    GPIOPortQ5_Handler                       0x00000283   Thumb Code     0  startup.o(RESET)
    GPIOPortQ6_Handler                       0x00000283   Thumb Code     0  startup.o(RESET)
    GPIOPortQ7_Handler                       0x00000283   Thumb Code     0  startup.o(RESET)
    GPIOPortQ_Handler                        0x00000283   Thumb Code     0  startup.o(RESET)
    GPIOPortR_Handler                        0x00000283   Thumb Code     0  startup.o(RESET)
    GPIOPortS_Handler                        0x00000283   Thumb Code     0  startup.o(RESET)
    Hibernate_Handler                        0x00000283   Thumb Code     0  startup.o(RESET)
    I2C0_Handler                             0x00000283   Thumb Code     0  startup.o(RESET)
    I2C1_Handler                             0x00000283   Thumb Code     0  startup.o(RESET)
    I2C2_Handler                             0x00000283   Thumb Code     0  startup.o(RESET)
    I2C3_Handler                             0x00000283   Thumb Code     0  startup.o(RESET)
    I2C4_Handler                             0x00000283   Thumb Code     0  startup.o(RESET)
    I2C5_Handler                             0x00000283   Thumb Code     0  startup.o(RESET)
    I2S0_Handler                             0x00000283   Thumb Code     0  startup.o(RESET)
    LPC0_Handler                             0x00000283   Thumb Code     0  startup.o(RESET)
    PECI0_Handler                            0x00000283   Thumb Code     0  startup.o(RESET)
    PWM0Fault_Handler                        0x00000283   Thumb Code     0  startup.o(RESET)
    PWM0Generator0_Handler                   0x00000283   Thumb Code     0  startup.o(RESET)
    PWM0Generator1_Handler                   0x00000283   Thumb Code     0  startup.o(RESET)
    PWM0Generator2_Handler                   0x00000283   Thumb Code     0  startup.o(RESET)
    PWM0Generator3_Handler                   0x00000283   Thumb Code     0  startup.o(RESET)
    PWM1Fault_Handler                        0x00000283   Thumb Code     0  startup.o(RESET)
    PWM1Generator0_Handler                   0x00000283   Thumb Code     0  startup.o(RESET)
    PWM1Generator1_Handler                   0x00000283   Thumb Code     0  startup.o(RESET)
    PWM1Generator2_Handler                   0x00000283   Thumb Code     0  startup.o(RESET)
    PWM1Generator3_Handler                   0x00000283   Thumb Code     0  startup.o(RESET)
    Quadrature0_Handler                      0x00000283   Thumb Code     0  startup.o(RESET)
    Quadrature1_Handler                      0x00000283   Thumb Code     0  startup.o(RESET)
    Quadrature2_Handler                      0x00000283   Thumb Code     0  startup.o(RESET)
    SSI0_Handler                             0x00000283   Thumb Code     0  startup.o(RESET)
    SSI1_Handler                             0x00000283   Thumb Code     0  startup.o(RESET)
    SSI2_Handler                             0x00000283   Thumb Code     0  startup.o(RESET)
    SSI3_Handler                             0x00000283   Thumb Code     0  startup.o(RESET)
    SysCtl_Handler                           0x00000283   Thumb Code     0  startup.o(RESET)
    Timer0A_Handler                          0x00000283   Thumb Code     0  startup.o(RESET)
    Timer0B_Handler                          0x00000283   Thumb Code     0  startup.o(RESET)
    Timer1A_Handler                          0x00000283   Thumb Code     0  startup.o(RESET)
    Timer1B_Handler                          0x00000283   Thumb Code     0  startup.o(RESET)
    Timer2A_Handler                          0x00000283   Thumb Code     0  startup.o(RESET)
    Timer2B_Handler                          0x00000283   Thumb Code     0  startup.o(RESET)
    Timer3A_Handler                          0x00000283   Thumb Code     0  startup.o(RESET)
    Timer3B_Handler                          0x00000283   Thumb Code     0  startup.o(RESET)
    Timer4A_Handler                          0x00000283   Thumb Code     0  startup.o(RESET)
    Timer4B_Handler                          0x00000283   Thumb Code     0  startup.o(RESET)
    Timer5A_Handler                          0x00000283   Thumb Code     0  startup.o(RESET)
    Timer5B_Handler                          0x00000283   Thumb Code     0  startup.o(RESET)
    UART0_Handler                            0x00000283   Thumb Code     0  startup.o(RESET)
    UART1_Handler                            0x00000283   Thumb Code     0  startup.o(RESET)
    UART2_Handler                            0x00000283   Thumb Code     0  startup.o(RESET)
    UART3_Handler                            0x00000283   Thumb Code     0  startup.o(RESET)
    UART4_Handler                            0x00000283   Thumb Code     0  startup.o(RESET)
    UART5_Handler                            0x00000283   Thumb Code     0  startup.o(RESET)
    UART6_Handler                            0x00000283   Thumb Code     0  startup.o(RESET)
    UART7_Handler                            0x00000283   Thumb Code     0  startup.o(RESET)
    USB0_Handler                             0x00000283   Thumb Code     0  startup.o(RESET)
    WDT_Handler                              0x00000283   Thumb Code     0  startup.o(RESET)
    WideTimer0A_Handler                      0x00000283   Thumb Code     0  startup.o(RESET)
    WideTimer0B_Handler                      0x00000283   Thumb Code     0  startup.o(RESET)
    WideTimer1A_Handler                      0x00000283   Thumb Code     0  startup.o(RESET)
    WideTimer1B_Handler                      0x00000283   Thumb Code     0  startup.o(RESET)
    WideTimer2A_Handler                      0x00000283   Thumb Code     0  startup.o(RESET)
    WideTimer2B_Handler                      0x00000283   Thumb Code     0  startup.o(RESET)
    WideTimer3A_Handler                      0x00000283   Thumb Code     0  startup.o(RESET)
    WideTimer3B_Handler                      0x00000283   Thumb Code     0  startup.o(RESET)
    WideTimer4A_Handler                      0x00000283   Thumb Code     0  startup.o(RESET)
    WideTimer4B_Handler                      0x00000283   Thumb Code     0  startup.o(RESET)
    WideTimer5A_Handler                      0x00000283   Thumb Code     0  startup.o(RESET)
    WideTimer5B_Handler                      0x00000283   Thumb Code     0  startup.o(RESET)
    uDMA_Error                               0x00000283   Thumb Code     0  startup.o(RESET)
    uDMA_Handler                             0x00000283   Thumb Code     0  startup.o(RESET)
    __main                                   0x00000285   Thumb Code     8  __main.o(!!!main)
    __scatterload                            0x0000028d   Thumb Code     0  __scatter.o(!!!scatter)
    __scatterload_rt2                        0x0000028d   Thumb Code    44  __scatter.o(!!!scatter)
    __scatterload_rt2_thumb_only             0x0000028d   Thumb Code     0  __scatter.o(!!!scatter)
    __scatterload_null                       0x0000029b   Thumb Code     0  __scatter.o(!!!scatter)
    __scatterload_zeroinit                   0x000002c1   Thumb Code    28  __scatter_zi.o(!!handler_zi)
    __rt_lib_init                            0x000002dd   Thumb Code     0  libinit.o(.ARM.Collect$$libinit$$00000000)
    __rt_lib_init_alloca_1                   0x000002df   Thumb Code     0  libinit2.o(.ARM.Collect$$libinit$$00000030)
    __rt_lib_init_argv_1                     0x000002df   Thumb Code     0  libinit2.o(.ARM.Collect$$libinit$$0000002E)
    __rt_lib_init_atexit_1                   0x000002df   Thumb Code     0  libinit2.o(.ARM.Collect$$libinit$$0000001D)
    __rt_lib_init_clock_1                    0x000002df   Thumb Code     0  libinit2.o(.ARM.Collect$$libinit$$00000023)
    __rt_lib_init_cpp_1                      0x000002df   Thumb Code     0  libinit2.o(.ARM.Collect$$libinit$$00000034)
    __rt_lib_init_exceptions_1               0x000002df   Thumb Code     0  libinit2.o(.ARM.Collect$$libinit$$00000032)
    __rt_lib_init_fp_1                       0x000002df   Thumb Code     0  libinit2.o(.ARM.Collect$$libinit$$00000002)
    __rt_lib_init_fp_trap_1                  0x000002df   Thumb Code     0  libinit2.o(.ARM.Collect$$libinit$$00000021)
    __rt_lib_init_getenv_1                   0x000002df   Thumb Code     0  libinit2.o(.ARM.Collect$$libinit$$00000025)
    __rt_lib_init_heap_1                     0x000002df   Thumb Code     0  libinit2.o(.ARM.Collect$$libinit$$0000000C)
    __rt_lib_init_lc_collate_1               0x000002df   Thumb Code     0  libinit2.o(.ARM.Collect$$libinit$$00000013)
    __rt_lib_init_lc_ctype_1                 0x000002df   Thumb Code     0  libinit2.o(.ARM.Collect$$libinit$$00000015)
    __rt_lib_init_lc_monetary_1              0x000002df   Thumb Code     0  libinit2.o(.ARM.Collect$$libinit$$00000017)
    __rt_lib_init_lc_numeric_1               0x000002df   Thumb Code     0  libinit2.o(.ARM.Collect$$libinit$$00000019)
    __rt_lib_init_lc_time_1                  0x000002df   Thumb Code     0  libinit2.o(.ARM.Collect$$libinit$$0000001B)
    __rt_lib_init_preinit_1                  0x000002df   Thumb Code     0  libinit2.o(.ARM.Collect$$libinit$$00000006)
    __rt_lib_init_rand_1                     0x000002df   Thumb Code     0  libinit2.o(.ARM.Collect$$libinit$$00000010)
    __rt_lib_init_relocate_pie_1             0x000002df   Thumb Code     0  libinit2.o(.ARM.Collect$$libinit$$00000004)
    __rt_lib_init_return                     0x000002df   Thumb Code     0  libinit2.o(.ARM.Collect$$libinit$$00000035)
    __rt_lib_init_signal_1                   0x000002df   Thumb Code     0  libinit2.o(.ARM.Collect$$libinit$$0000001F)
    __rt_lib_init_stdio_1                    0x000002df   Thumb Code     0  libinit2.o(.ARM.Collect$$libinit$$00000027)
    __rt_lib_init_user_alloc_1               0x000002df   Thumb Code     0  libinit2.o(.ARM.Collect$$libinit$$0000000E)
    __rt_lib_shutdown                        0x000002e1   Thumb Code     0  libshutdown.o(.ARM.Collect$$libshutdown$$00000000)
    __rt_lib_shutdown_cpp_1                  0x000002e3   Thumb Code     0  libshutdown2.o(.ARM.Collect$$libshutdown$$00000002)
    __rt_lib_shutdown_fp_trap_1              0x000002e3   Thumb Code     0  libshutdown2.o(.ARM.Collect$$libshutdown$$00000007)
    __rt_lib_shutdown_heap_1                 0x000002e3   Thumb Code     0  libshutdown2.o(.ARM.Collect$$libshutdown$$0000000F)
    __rt_lib_shutdown_return                 0x000002e3   Thumb Code     0  libshutdown2.o(.ARM.Collect$$libshutdown$$00000010)
    __rt_lib_shutdown_signal_1               0x000002e3   Thumb Code     0  libshutdown2.o(.ARM.Collect$$libshutdown$$0000000A)
    __rt_lib_shutdown_stdio_1                0x000002e3   Thumb Code     0  libshutdown2.o(.ARM.Collect$$libshutdown$$00000004)
    __rt_lib_shutdown_user_alloc_1           0x000002e3   Thumb Code     0  libshutdown2.o(.ARM.Collect$$libshutdown$$0000000C)
    __rt_entry                               0x000002e5   Thumb Code     0  __rtentry.o(.ARM.Collect$$rtentry$$00000000)
    __rt_entry_presh_1                       0x000002e5   Thumb Code     0  __rtentry2.o(.ARM.Collect$$rtentry$$00000002)
    __rt_entry_sh                            0x000002e5   Thumb Code     0  __rtentry4.o(.ARM.Collect$$rtentry$$00000004)
    __rt_entry_li                            0x000002eb   Thumb Code     0  __rtentry2.o(.ARM.Collect$$rtentry$$0000000A)
    __rt_entry_postsh_1                      0x000002eb   Thumb Code     0  __rtentry2.o(.ARM.Collect$$rtentry$$00000009)
    __rt_entry_main                          0x000002ef   Thumb Code     0  __rtentry2.o(.ARM.Collect$$rtentry$$0000000D)
    __rt_entry_postli_1                      0x000002ef   Thumb Code     0  __rtentry2.o(.ARM.Collect$$rtentry$$0000000C)
    __rt_exit                                0x000002f7   Thumb Code     0  rtexit.o(.ARM.Collect$$rtexit$$00000000)
    __rt_exit_ls                             0x000002f9   Thumb Code     0  rtexit2.o(.ARM.Collect$$rtexit$$00000003)
    __rt_exit_prels_1                        0x000002f9   Thumb Code     0  rtexit2.o(.ARM.Collect$$rtexit$$00000002)
    __rt_exit_exit                           0x000002fd   Thumb Code     0  rtexit2.o(.ARM.Collect$$rtexit$$00000004)
    DisableInterrupts                        0x00000305   Thumb Code     0  startup.o(.text)
    EnableInterrupts                         0x00000309   Thumb Code     0  startup.o(.text)
    StartCritical                            0x0000030d   Thumb Code     0  startup.o(.text)
    EndCritical                              0x00000315   Thumb Code     0  startup.o(.text)
    WaitForInterrupt                         0x0000031b   Thumb Code     0  startup.o(.text)
    __user_initial_stackheap                 0x0000031f   Thumb Code     0  startup.o(.text)
    __aeabi_memclr4                          0x00000335   Thumb Code     0  rt_memclr_w.o(.text)
    __aeabi_memclr8                          0x00000335   Thumb Code     0  rt_memclr_w.o(.text)
    __rt_memclr_w                            0x00000335   Thumb Code     0  rt_memclr_w.o(.text)
    _memset_w                                0x00000339   Thumb Code    74  rt_memclr_w.o(.text)
    __use_two_region_memory                  0x00000383   Thumb Code     2  heapauxi.o(.text)
    __rt_heap_escrow$2region                 0x00000385   Thumb Code     2  heapauxi.o(.text)
    __rt_heap_expand$2region                 0x00000387   Thumb Code     2  heapauxi.o(.text)
    __user_setup_stackheap                   0x00000389   Thumb Code    74  sys_stackheap_outer.o(.text)
    exit                                     0x000003d3   Thumb Code    18  exit.o(.text)
    __user_libspace                          0x000003e5   Thumb Code     8  libspace.o(.text)
    __user_perproc_libspace                  0x000003e5   Thumb Code     0  libspace.o(.text)
    __user_perthread_libspace                0x000003e5   Thumb Code     0  libspace.o(.text)
    _sys_exit                                0x000003ed   Thumb Code     8  sys_exit.o(.text)
    __I$use$semihosting                      0x000003f9   Thumb Code     0  use_no_semi.o(.text)
    __use_no_semihosting_swi                 0x000003f9   Thumb Code     2  use_no_semi.o(.text)
    __semihosting_library_function           0x000003fb   Thumb Code     0  indicate_semi.o(.text)
    ADC0_InSeq3                              0x000003fd   Thumb Code    74  spaceinvadersv4.o(.text.ADC0_InSeq3)
    ADC_Init                                 0x00000449   Thumb Code   248  spaceinvadersv4.o(.text.ADC_Init)
    Delay3s                                  0x00000541   Thumb Code    32  spaceinvadersv4.o(.text.Delay3s)
    Draw                                     0x00000561   Thumb Code   770  spaceinvadersv4.o(.text.Draw)
    End                                      0x00000865   Thumb Code    90  spaceinvadersv4.o(.text.End)
    GPIOPortF_Handler                        0x000008c1   Thumb Code   350  spaceinvadersv4.o(.text.GPIOPortF_Handler)
    Init                                     0x00000a21   Thumb Code   416  spaceinvadersv4.o(.text.Init)
    Move                                     0x00000bc1   Thumb Code   590  spaceinvadersv4.o(.text.Move)
    Nokia5110_Clear                          0x00000e11   Thumb Code   108  nokia5110.o(.text.Nokia5110_Clear)
    Nokia5110_ClearBuffer                    0x00000e7d   Thumb Code    20  nokia5110.o(.text.Nokia5110_ClearBuffer)
    Nokia5110_DisplayBuffer                  0x00000e91   Thumb Code   118  nokia5110.o(.text.Nokia5110_DisplayBuffer)
    Nokia5110_Init                           0x00000f09   Thumb Code   434  nokia5110.o(.text.Nokia5110_Init)
    Nokia5110_OutString                      0x000010bd   Thumb Code   102  nokia5110.o(.text.Nokia5110_OutString)
    Nokia5110_OutUDec                        0x00001125   Thumb Code  1710  nokia5110.o(.text.Nokia5110_OutUDec)
    Nokia5110_PrintBMP                       0x000017d5   Thumb Code   278  nokia5110.o(.text.Nokia5110_PrintBMP)
    Nokia5110_SetCursor                      0x000018ed   Thumb Code    88  nokia5110.o(.text.Nokia5110_SetCursor)
    PLL_Init                                 0x00001945   Thumb Code   106  pll.o(.text.PLL_Init)
    PortF_Init                               0x000019b1   Thumb Code   216  spaceinvadersv4.o(.text.PortF_Init)
    ReadADCMedianFilter                      0x00001a89   Thumb Code    70  spaceinvadersv4.o(.text.ReadADCMedianFilter)
    SysTick_Handler                          0x00001ad1   Thumb Code   118  spaceinvadersv4.o(.text.SysTick_Handler)
    SysTick_Init                             0x00001b49   Thumb Code    68  spaceinvadersv4.o(.text.SysTick_Init)
    Title                                    0x00001b8d   Thumb Code    98  spaceinvadersv4.o(.text.Title)
    main                                     0x00001bf1   Thumb Code    86  spaceinvadersv4.o(.text.main)
    median                                   0x00001c49   Thumb Code   160  spaceinvadersv4.o(.text.median)
    Laser0                                   0x00001ec8   Data         155  spaceinvadersv4.o(.rodata.Laser0)
    PlayerShip0                              0x00001f63   Data         215  spaceinvadersv4.o(.rodata.PlayerShip0)
    SmallEnemy10PointA                       0x0000203a   Data         199  spaceinvadersv4.o(.rodata.SmallEnemy10PointA)
    SmallEnemy10PointB                       0x00002101   Data         199  spaceinvadersv4.o(.rodata.SmallEnemy10PointB)
    SmallEnemy20PointA                       0x000021c8   Data         199  spaceinvadersv4.o(.rodata.SmallEnemy20PointA)
    SmallEnemy20PointB                       0x0000228f   Data         199  spaceinvadersv4.o(.rodata.SmallEnemy20PointB)
    SmallEnemy30PointA                       0x00002356   Data         199  spaceinvadersv4.o(.rodata.SmallEnemy30PointA)
    SmallEnemy30PointB                       0x0000241d   Data         199  spaceinvadersv4.o(.rodata.SmallEnemy30PointB)
    SmallExplosion0                          0x000024e4   Data         199  spaceinvadersv4.o(.rodata.SmallExplosion0)
    Region$$Table$$Base                      0x000025e0   Number         0  anon$$obj.o(Region$$Table)
    Region$$Table$$Limit                     0x000025f0   Number         0  anon$$obj.o(Region$$Table)
    __libspace_start                         0x20000000   Data          96  libspace.o(.bss)
    ADCvalue                                 0x20000060   Data           4  spaceinvadersv4.o(.bss.ADCvalue)
    __temporary_stack_top$libspace           0x20000060   Data           0  libspace.o(.bss)
    Enemy                                    0x20000064   Data          48  spaceinvadersv4.o(.bss.Enemy)
    Laser                                    0x20000094   Data          36  spaceinvadersv4.o(.bss.Laser)
    Player                                   0x200000b8   Data          12  spaceinvadersv4.o(.bss.Player)
    Screen                                   0x200000c8   Data         504  nokia5110.o(.bss.Screen)
    delay                                    0x200002c0   Data           4  spaceinvadersv4.o(.bss.delay)
    fire                                     0x200002c4   Data           4  spaceinvadersv4.o(.bss.fire)
    restart                                  0x200002c8   Data           4  spaceinvadersv4.o(.bss.restart)
    score                                    0x200002cc   Data           4  spaceinvadersv4.o(.bss.score)
    start                                    0x200002d0   Data           4  spaceinvadersv4.o(.bss.start)



==============================================================================

Memory Map of the image

  Image Entry point : 0x0000026d

  Load Region LR_1 (Base: 0x00000000, Size: 0x000025f0, Max: 0xffffffff, ABSOLUTE)

    Execution Region ER_RO (Exec base: 0x00000000, Load base: 0x00000000, Size: 0x000025f0, Max: 0xffffffff, ABSOLUTE)

    Exec Addr    Load Addr    Size         Type   Attr      Idx    E Section Name        Object

    0x00000000   0x00000000   0x00000284   Code   RO            3  * RESET               startup.o
    0x00000284   0x00000284   0x00000008   Code   RO          123  * !!!main             c_w.l(__main.o)
    0x0000028c   0x0000028c   0x00000034   Code   RO          288    !!!scatter          c_w.l(__scatter.o)
    0x000002c0   0x000002c0   0x0000001c   Code   RO          290    !!handler_zi        c_w.l(__scatter_zi.o)
    0x000002dc   0x000002dc   0x00000002   Code   RO          150    .ARM.Collect$$libinit$$00000000  c_w.l(libinit.o)
    0x000002de   0x000002de   0x00000000   Code   RO          157    .ARM.Collect$$libinit$$00000002  c_w.l(libinit2.o)
    0x000002de   0x000002de   0x00000000   Code   RO          159    .ARM.Collect$$libinit$$00000004  c_w.l(libinit2.o)
    0x000002de   0x000002de   0x00000000   Code   RO          161    .ARM.Collect$$libinit$$00000006  c_w.l(libinit2.o)
    0x000002de   0x000002de   0x00000000   Code   RO          164    .ARM.Collect$$libinit$$0000000C  c_w.l(libinit2.o)
    0x000002de   0x000002de   0x00000000   Code   RO          166    .ARM.Collect$$libinit$$0000000E  c_w.l(libinit2.o)
    0x000002de   0x000002de   0x00000000   Code   RO          168    .ARM.Collect$$libinit$$00000010  c_w.l(libinit2.o)
    0x000002de   0x000002de   0x00000000   Code   RO          171    .ARM.Collect$$libinit$$00000013  c_w.l(libinit2.o)
    0x000002de   0x000002de   0x00000000   Code   RO          173    .ARM.Collect$$libinit$$00000015  c_w.l(libinit2.o)
    0x000002de   0x000002de   0x00000000   Code   RO          175    .ARM.Collect$$libinit$$00000017  c_w.l(libinit2.o)
    0x000002de   0x000002de   0x00000000   Code   RO          177    .ARM.Collect$$libinit$$00000019  c_w.l(libinit2.o)
    0x000002de   0x000002de   0x00000000   Code   RO          179    .ARM.Collect$$libinit$$0000001B  c_w.l(libinit2.o)
    0x000002de   0x000002de   0x00000000   Code   RO          181    .ARM.Collect$$libinit$$0000001D  c_w.l(libinit2.o)
    0x000002de   0x000002de   0x00000000   Code   RO          183    .ARM.Collect$$libinit$$0000001F  c_w.l(libinit2.o)
    0x000002de   0x000002de   0x00000000   Code   RO          185    .ARM.Collect$$libinit$$00000021  c_w.l(libinit2.o)
    0x000002de   0x000002de   0x00000000   Code   RO          187    .ARM.Collect$$libinit$$00000023  c_w.l(libinit2.o)
    0x000002de   0x000002de   0x00000000   Code   RO          189    .ARM.Collect$$libinit$$00000025  c_w.l(libinit2.o)
    0x000002de   0x000002de   0x00000000   Code   RO          191    .ARM.Collect$$libinit$$00000027  c_w.l(libinit2.o)
    0x000002de   0x000002de   0x00000000   Code   RO          195    .ARM.Collect$$libinit$$0000002E  c_w.l(libinit2.o)
    0x000002de   0x000002de   0x00000000   Code   RO          197    .ARM.Collect$$libinit$$00000030  c_w.l(libinit2.o)
    0x000002de   0x000002de   0x00000000   Code   RO          199    .ARM.Collect$$libinit$$00000032  c_w.l(libinit2.o)
    0x000002de   0x000002de   0x00000000   Code   RO          201    .ARM.Collect$$libinit$$00000034  c_w.l(libinit2.o)
    0x000002de   0x000002de   0x00000002   Code   RO          202    .ARM.Collect$$libinit$$00000035  c_w.l(libinit2.o)
    0x000002e0   0x000002e0   0x00000002   Code   RO          224    .ARM.Collect$$libshutdown$$00000000  c_w.l(libshutdown.o)
    0x000002e2   0x000002e2   0x00000000   Code   RO          239    .ARM.Collect$$libshutdown$$00000002  c_w.l(libshutdown2.o)
    0x000002e2   0x000002e2   0x00000000   Code   RO          241    .ARM.Collect$$libshutdown$$00000004  c_w.l(libshutdown2.o)
    0x000002e2   0x000002e2   0x00000000   Code   RO          244    .ARM.Collect$$libshutdown$$00000007  c_w.l(libshutdown2.o)
    0x000002e2   0x000002e2   0x00000000   Code   RO          247    .ARM.Collect$$libshutdown$$0000000A  c_w.l(libshutdown2.o)
    0x000002e2   0x000002e2   0x00000000   Code   RO          249    .ARM.Collect$$libshutdown$$0000000C  c_w.l(libshutdown2.o)
    0x000002e2   0x000002e2   0x00000000   Code   RO          252    .ARM.Collect$$libshutdown$$0000000F  c_w.l(libshutdown2.o)
    0x000002e2   0x000002e2   0x00000002   Code   RO          253    .ARM.Collect$$libshutdown$$00000010  c_w.l(libshutdown2.o)
    0x000002e4   0x000002e4   0x00000000   Code   RO          125    .ARM.Collect$$rtentry$$00000000  c_w.l(__rtentry.o)
    0x000002e4   0x000002e4   0x00000000   Code   RO          127    .ARM.Collect$$rtentry$$00000002  c_w.l(__rtentry2.o)
    0x000002e4   0x000002e4   0x00000006   Code   RO          139    .ARM.Collect$$rtentry$$00000004  c_w.l(__rtentry4.o)
    0x000002ea   0x000002ea   0x00000000   Code   RO          129    .ARM.Collect$$rtentry$$00000009  c_w.l(__rtentry2.o)
    0x000002ea   0x000002ea   0x00000004   Code   RO          130    .ARM.Collect$$rtentry$$0000000A  c_w.l(__rtentry2.o)
    0x000002ee   0x000002ee   0x00000000   Code   RO          132    .ARM.Collect$$rtentry$$0000000C  c_w.l(__rtentry2.o)
    0x000002ee   0x000002ee   0x00000008   Code   RO          133    .ARM.Collect$$rtentry$$0000000D  c_w.l(__rtentry2.o)
    0x000002f6   0x000002f6   0x00000002   Code   RO          154    .ARM.Collect$$rtexit$$00000000  c_w.l(rtexit.o)
    0x000002f8   0x000002f8   0x00000000   Code   RO          204    .ARM.Collect$$rtexit$$00000002  c_w.l(rtexit2.o)
    0x000002f8   0x000002f8   0x00000004   Code   RO          205    .ARM.Collect$$rtexit$$00000003  c_w.l(rtexit2.o)
    0x000002fc   0x000002fc   0x00000006   Code   RO          206    .ARM.Collect$$rtexit$$00000004  c_w.l(rtexit2.o)
    0x00000302   0x00000302   0x00000002   PAD
    0x00000304   0x00000304   0x00000030   Code   RO            4    .text               startup.o
    0x00000334   0x00000334   0x0000004e   Code   RO          119    .text               c_w.l(rt_memclr_w.o)
    0x00000382   0x00000382   0x00000006   Code   RO          121    .text               c_w.l(heapauxi.o)
    0x00000388   0x00000388   0x0000004a   Code   RO          141    .text               c_w.l(sys_stackheap_outer.o)
    0x000003d2   0x000003d2   0x00000012   Code   RO          143    .text               c_w.l(exit.o)
    0x000003e4   0x000003e4   0x00000008   Code   RO          151    .text               c_w.l(libspace.o)
    0x000003ec   0x000003ec   0x0000000c   Code   RO          214    .text               c_w.l(sys_exit.o)
    0x000003f8   0x000003f8   0x00000002   Code   RO          229    .text               c_w.l(use_no_semi.o)
    0x000003fa   0x000003fa   0x00000000   Code   RO          231    .text               c_w.l(indicate_semi.o)
    0x000003fa   0x000003fa   0x00000002   PAD
    0x000003fc   0x000003fc   0x0000004a   Code   RO           83    .text.ADC0_InSeq3   spaceinvadersv4.o
    0x00000446   0x00000446   0x00000002   PAD
    0x00000448   0x00000448   0x000000f8   Code   RO           59    .text.ADC_Init      spaceinvadersv4.o
    0x00000540   0x00000540   0x00000020   Code   RO           81    .text.Delay3s       spaceinvadersv4.o
    0x00000560   0x00000560   0x00000302   Code   RO           75    .text.Draw          spaceinvadersv4.o
    0x00000862   0x00000862   0x00000002   PAD
    0x00000864   0x00000864   0x0000005a   Code   RO           79    .text.End           spaceinvadersv4.o
    0x000008be   0x000008be   0x00000002   PAD
    0x000008c0   0x000008c0   0x0000015e   Code   RO           71    .text.GPIOPortF_Handler  spaceinvadersv4.o
    0x00000a1e   0x00000a1e   0x00000002   PAD
    0x00000a20   0x00000a20   0x000001a0   Code   RO           69    .text.Init          spaceinvadersv4.o
    0x00000bc0   0x00000bc0   0x0000024e   Code   RO           77    .text.Move          spaceinvadersv4.o
    0x00000e0e   0x00000e0e   0x00000002   PAD
    0x00000e10   0x00000e10   0x0000006c   Code   RO           23    .text.Nokia5110_Clear  nokia5110.o
    0x00000e7c   0x00000e7c   0x00000014   Code   RO           29    .text.Nokia5110_ClearBuffer  nokia5110.o
    0x00000e90   0x00000e90   0x00000076   Code   RO           35    .text.Nokia5110_DisplayBuffer  nokia5110.o
    0x00000f06   0x00000f06   0x00000002   PAD
    0x00000f08   0x00000f08   0x000001b2   Code   RO           13    .text.Nokia5110_Init  nokia5110.o
    0x000010ba   0x000010ba   0x00000002   PAD
    0x000010bc   0x000010bc   0x00000066   Code   RO           17    .text.Nokia5110_OutString  nokia5110.o
    0x00001122   0x00001122   0x00000002   PAD
    0x00001124   0x00001124   0x000006ae   Code   RO           19    .text.Nokia5110_OutUDec  nokia5110.o
    0x000017d2   0x000017d2   0x00000002   PAD
    0x000017d4   0x000017d4   0x00000116   Code   RO           27    .text.Nokia5110_PrintBMP  nokia5110.o
    0x000018ea   0x000018ea   0x00000002   PAD
    0x000018ec   0x000018ec   0x00000058   Code   RO           21    .text.Nokia5110_SetCursor  nokia5110.o
    0x00001944   0x00001944   0x0000006a   Code   RO           48    .text.PLL_Init      pll.o
    0x000019ae   0x000019ae   0x00000002   PAD
    0x000019b0   0x000019b0   0x000000d8   Code   RO           61    .text.PortF_Init    spaceinvadersv4.o
    0x00001a88   0x00001a88   0x00000046   Code   RO           67    .text.ReadADCMedianFilter  spaceinvadersv4.o
    0x00001ace   0x00001ace   0x00000002   PAD
    0x00001ad0   0x00001ad0   0x00000076   Code   RO           73    .text.SysTick_Handler  spaceinvadersv4.o
    0x00001b46   0x00001b46   0x00000002   PAD
    0x00001b48   0x00001b48   0x00000044   Code   RO           63    .text.SysTick_Init  spaceinvadersv4.o
    0x00001b8c   0x00001b8c   0x00000062   Code   RO           65    .text.Title         spaceinvadersv4.o
    0x00001bee   0x00001bee   0x00000002   PAD
    0x00001bf0   0x00001bf0   0x00000056   Code   RO           57    .text.main          spaceinvadersv4.o
    0x00001c46   0x00001c46   0x00000002   PAD
    0x00001c48   0x00001c48   0x000000a0   Code   RO           85    .text.median        spaceinvadersv4.o
    0x00001ce8   0x00001ce8   0x000001e0   Data   RO           37    .rodata.ASCII       nokia5110.o
    0x00001ec8   0x00001ec8   0x0000009b   Data   RO           96    .rodata.Laser0      spaceinvadersv4.o
    0x00001f63   0x00001f63   0x000000d7   Data   RO           95    .rodata.PlayerShip0  spaceinvadersv4.o
    0x0000203a   0x0000203a   0x000000c7   Data   RO           91    .rodata.SmallEnemy10PointA  spaceinvadersv4.o
    0x00002101   0x00002101   0x000000c7   Data   RO           92    .rodata.SmallEnemy10PointB  spaceinvadersv4.o
    0x000021c8   0x000021c8   0x000000c7   Data   RO           89    .rodata.SmallEnemy20PointA  spaceinvadersv4.o
    0x0000228f   0x0000228f   0x000000c7   Data   RO           90    .rodata.SmallEnemy20PointB  spaceinvadersv4.o
    0x00002356   0x00002356   0x000000c7   Data   RO           87    .rodata.SmallEnemy30PointA  spaceinvadersv4.o
    0x0000241d   0x0000241d   0x000000c7   Data   RO           88    .rodata.SmallEnemy30PointB  spaceinvadersv4.o
    0x000024e4   0x000024e4   0x000000c7   Data   RO           97    .rodata.SmallExplosion0  spaceinvadersv4.o
    0x000025ab   0x000025ab   0x00000005   Data   RO           38    .rodata.str1.1      nokia5110.o
    0x000025b0   0x000025b0   0x0000002e   Data   RO          107    .rodata.str1.1      spaceinvadersv4.o
    0x000025de   0x000025de   0x00000002   PAD
    0x000025e0   0x000025e0   0x00000010   Data   RO          287    Region$$Table       anon$$obj.o


    Execution Region ER_RW (Exec base: 0x20000000, Load base: 0x000025f0, Size: 0x00000000, Max: 0xffffffff, ABSOLUTE)

    **** No section assigned to this execution region ****


    Execution Region ER_ZI (Exec base: 0x20000000, Load base: 0x000025f0, Size: 0x000006d8, Max: 0xffffffff, ABSOLUTE)

    Exec Addr    Load Addr    Size         Type   Attr      Idx    E Section Name        Object

    0x20000000        -       0x00000060   Zero   RW          152    .bss                c_w.l(libspace.o)
    0x20000060        -       0x00000004   Zero   RW          100    .bss.ADCvalue       spaceinvadersv4.o
    0x20000064        -       0x00000030   Zero   RW          101    .bss.Enemy          spaceinvadersv4.o
    0x20000094        -       0x00000024   Zero   RW          103    .bss.Laser          spaceinvadersv4.o
    0x200000b8        -       0x0000000c   Zero   RW          102    .bss.Player         spaceinvadersv4.o
    0x200000c4        -       0x00000002   Zero   RW          109    .bss.ReadADCMedianFilter.middle  spaceinvadersv4.o
    0x200000c6        -       0x00000002   Zero   RW          108    .bss.ReadADCMedianFilter.oldest  spaceinvadersv4.o
    0x200000c8        -       0x000001f8   Zero   RW           39    .bss.Screen         nokia5110.o
    0x200002c0        -       0x00000004   Zero   RW          104    .bss.delay          spaceinvadersv4.o
    0x200002c4        -       0x00000004   Zero   RW           99    .bss.fire           spaceinvadersv4.o
    0x200002c8        -       0x00000004   Zero   RW           98    .bss.restart        spaceinvadersv4.o
    0x200002cc        -       0x00000004   Zero   RW          106    .bss.score          spaceinvadersv4.o
    0x200002d0        -       0x00000004   Zero   RW          105    .bss.start          spaceinvadersv4.o
    0x200002d4   0x000025f0   0x00000004   PAD
    0x200002d8        -       0x00000000   Zero   RW            2    HEAP                startup.o
    0x200002d8        -       0x00000400   Zero   RW            1    STACK               startup.o


==============================================================================

Image component sizes


      Code (inc. data)   RO Data    RW Data    ZI Data      Debug   Object Name

      2858          0        485          0        504      10975   nokia5110.o
       106          0          0          0          0        585   pll.o
      3386          0       1809          0        124       4827   spaceinvadersv4.o
       692        632          0          0       1024        948   startup.o

    ----------------------------------------------------------------------
      7072        632       2312          0       1656      17335   Object Totals
         0          0         16          0          0          0   (incl. Generated)
        30          0          2          0          4          0   (incl. Padding)

    ----------------------------------------------------------------------

      Code (inc. data)   RO Data    RW Data    ZI Data      Debug   Library Member Name

         8          0          0          0          0         68   __main.o
         0          0          0          0          0          0   __rtentry.o
        12          0          0          0          0          0   __rtentry2.o
         6          0          0          0          0          0   __rtentry4.o
        52          8          0          0          0          0   __scatter.o
        28          0          0          0          0          0   __scatter_zi.o
        18          0          0          0          0         80   exit.o
         6          0          0          0          0        152   heapauxi.o
         0          0          0          0          0          0   indicate_semi.o
         2          0          0          0          0          0   libinit.o
         2          0          0          0          0          0   libinit2.o
         2          0          0          0          0          0   libshutdown.o
         2          0          0          0          0          0   libshutdown2.o
         8          4          0          0         96         68   libspace.o
        78          0          0          0          0         80   rt_memclr_w.o
         2          0          0          0          0          0   rtexit.o
        10          0          0          0          0          0   rtexit2.o
        12          4          0          0          0         68   sys_exit.o
        74          0          0          0          0         80   sys_stackheap_outer.o
         2          0          0          0          0         68   use_no_semi.o

    ----------------------------------------------------------------------
       328         16          0          0         96        664   Library Totals
         4          0          0          0          0          0   (incl. Padding)

    ----------------------------------------------------------------------

      Code (inc. data)   RO Data    RW Data    ZI Data      Debug   Library Name

       324         16          0          0         96        664   c_w.l

    ----------------------------------------------------------------------
       328         16          0          0         96        664   Library Totals

    ----------------------------------------------------------------------

==============================================================================


      Code (inc. data)   RO Data    RW Data    ZI Data      Debug   

      7400        648       2312          0       1752      17731   Grand Totals
      7400        648       2312          0       1752      17731   ELF Image Totals
      7400        648       2312          0          0          0   ROM Totals

==============================================================================

    Total RO  Size (Code + RO Data)                 9712 (   9.48kB)
    Total RW  Size (RW Data + ZI Data)              1752 (   1.71kB)
    Total ROM Size (Code + RO Data + RW Data)       9712 (   9.48kB)

==============================================================================

